858.lean:2:18: error: don't know how to synthesize placeholder
context:
‚ä¢ Sort ?
