{"msg":{"caption":"","file_name":"f","pos_col":14,"pos_line":4,"severity":"error","text":"invalid '^.' notation, 'l' is not a valid \"field\" because environment does not contain 'and.l'\n  h y\nwhich has type\n  p y ∧ q y"},"response":"additional_message"}
{"msg":{"caption":"","file_name":"f","pos_col":14,"pos_line":8,"severity":"error","text":"invalid '^.' notation, 'le' is not a valid \"field\" because environment does not contain 'and.le'\n  h y\nwhich has type\n  p y ∧ q y"},"response":"additional_message"}
{"msg":{"caption":"","file_name":"f","pos_col":14,"pos_line":12,"severity":"error","text":"invalid '^.' notation, 'r' is not a valid \"field\" because environment does not contain 'and.r'\n  h y\nwhich has type\n  p y ∧ q y"},"response":"additional_message"}
{"msg":{"caption":"","file_name":"f","pos_col":39,"pos_line":17,"severity":"error","text":"invalid '^.' notation, identifier or numeral expected"},"response":"additional_message"}
{"message":"file invalidated","response":"ok","seq_num":0}
{"completions":[{"source":,"text":"left","type":"?a ∧ ?b → ?a"},{"source":{"column":14,"file":"/library/init/logic.lean","line":405},"text":"left_comm","type":"?a ∧ ?b ∧ ?c ↔ ?b ∧ ?a ∧ ?c"}],"prefix":"l","response":"ok","seq_num":5}
{"completions":[{"source":,"text":"left","type":"?a ∧ ?b → ?a"},{"source":{"column":14,"file":"/library/init/logic.lean","line":405},"text":"left_comm","type":"?a ∧ ?b ∧ ?c ↔ ?b ∧ ?a ∧ ?c"}],"prefix":"le","response":"ok","seq_num":9}
{"completions":[{"source":,"text":"rec","type":"(?a → ?b → ?C) → ?a ∧ ?b → ?C"},{"source":{"column":10,"file":"/library/init/core.lean","line":133},"text":"rec_on","type":"?a ∧ ?b → (?a → ?b → ?C) → ?C"},{"source":{"column":4,"file":"/library/init/core.lean","line":144},"text":"right","type":"?a ∧ ?b → ?b"}],"prefix":"r","response":"ok","seq_num":13}
{"completions":[{"source":,"text":"assoc","type":"(?a ∧ ?b) ∧ ?c ↔ ?a ∧ ?b ∧ ?c"},{"source":{"column":10,"file":"/library/init/core.lean","line":133},"text":"cases_on","type":"?a ∧ ?b → (?a → ?b → ?C) → ?C"},{"source":{"column":14,"file":"/library/init/logic.lean","line":393},"text":"comm","type":"?a ∧ ?b ↔ ?b ∧ ?a"},{"source":{"column":10,"file":"/library/init/core.lean","line":133},"text":"dcases_on","type":"Π (n : ?a ∧ ?b), (Π (a : ?a) (a_1 : ?b), ?C (and.intro a a_1)) → ?C n"},{"source":{"column":11,"file":"/library/init/logic.lean","line":653},"text":"decidable","type":"decidable (?p ∧ ?q)"},{"source":{"column":10,"file":"/library/init/core.lean","line":133},"text":"drec","type":"(Π (a : ?a) (a_1 : ?b), ?C (and.intro a a_1)) → Π (n : ?a ∧ ?b), ?C n"},{"source":{"column":10,"file":"/library/init/core.lean","line":133},"text":"drec_on","type":"Π (n : ?a ∧ ?b), (Π (a : ?a) (a_1 : ?b), ?C (and.intro a a_1)) → ?C n"},{"source":{"column":6,"file":"/library/init/logic.lean","line":201},"text":"elim","type":"?a ∧ ?b → (?a → ?b → ?c) → ?c"},{"source":{"column":4,"file":"/library/init/core.lean","line":136},"text":"elim_left","type":"?a ∧ ?b → ?a"},{"source":{"column":4,"file":"/library/init/core.lean","line":141},"text":"elim_right","type":"?a ∧ ?b → ?b"},{"source":{"column":6,"file":"/library/init/logic.lean","line":380},"text":"imp","type":"(?a → ?c) → (?b → ?d) → ?a ∧ ?b → ?c ∧ ?d"},{"source":{"column":10,"file":"/library/init/core.lean","line":133},"text":"induction_on","type":"?a ∧ ?b → (?a → ?b → ?C) → ?C"},{"source":{"column":10,"file":"/library/init/core.lean","line":133},"text":"intro","type":"?a → ?b → ?a ∧ ?b"},{"source":{"column":4,"file":"/library/init/core.lean","line":139},"text":"left","type":"?a ∧ ?b → ?a"},{"source":{"column":14,"file":"/library/init/logic.lean","line":405},"text":"left_comm","type":"?a ∧ ?b ∧ ?c ↔ ?b ∧ ?a ∧ ?c"},{"source":{"column":10,"file":"/library/init/core.lean","line":133},"text":"rec","type":"(?a → ?b → ?C) → ?a ∧ ?b → ?C"},{"source":{"column":10,"file":"/library/init/core.lean","line":133},"text":"rec_on","type":"?a ∧ ?b → (?a → ?b → ?C) → ?C"},{"source":{"column":4,"file":"/library/init/core.lean","line":144},"text":"right","type":"?a ∧ ?b → ?b"},{"source":{"column":6,"file":"/library/init/logic.lean","line":204},"text":"swap","type":"?a ∧ ?b → ?b ∧ ?a"},{"source":{"column":4,"file":"/library/init/logic.lean","line":207},"text":"symm","type":"?a ∧ ?b → ?b ∧ ?a"}],"prefix":"","response":"ok","seq_num":17}
